2026-08-29 14:40:42 - __main__ - INFO: 机械臂 [arm0] 连接成功（固件 profile=default），当前 TCP 位姿 [x,y,z,roll,pitch,yaw] (m/rad): [0.019118, 0.6343019999999999, 0.076891, -2.677579418654581, -1.338615176402091, 1.0917034471224532]
2026-08-29 14:40:42 - __main__ - INFO: [arm0] CAN channel=can0, TCP_OFFSET (flange -> TCP): [0.0, 0.0, 0.0, 0.0, 0.0, 0.0]
2026-08-29 14:40:42 - __main__ - INFO: 当前 TCP 反馈频率: 160.0 Hz
2026-08-29 14:40:44 - __main__ - INFO: [arm0] 开始采集：机械臂停稳后按 s 保存；Esc 退出
2026-08-29 14:40:44 - __main__ - INFO: [arm0] 数据保存目录: /home/dyf/桌面/piper_orbbec_calibration_tcp/eye_hand_data/data20260829_arm0
2026-08-29 14:40:44 - __main__ - INFO: poses.txt 每行对应同编号 JPG；tcp_poses.csv 额外保存编号和时间戳
2026-08-29 14:47:07 - __main__ - INFO: 机械臂 [arm0] 连接成功（固件 profile=default），当前 TCP 位姿 [x,y,z,roll,pitch,yaw] (m/rad): [0.021596999999999998, 0.636124, 0.11281, -1.6959015275778502, 0.5625196179177725, -0.09677850702308557]
2026-08-29 14:47:07 - __main__ - INFO: [arm0] CAN channel=can0, TCP_OFFSET (flange -> TCP): [0.0, 0.0, 0.0, 0.0, 0.0, 0.0]
2026-08-29 14:47:07 - __main__ - INFO: 当前 TCP 反馈频率: 180.0 Hz
2026-08-29 14:47:09 - __main__ - INFO: [arm0] 棋盘格角点数: 9x6（实时检测叠加显示，每 3 帧检测一次）
2026-08-29 14:47:09 - __main__ - INFO: [arm0] 开始采集：机械臂停稳后按 s 保存；Esc 退出
2026-08-29 14:47:09 - __main__ - INFO: [arm0] 数据保存目录: /home/dyf/桌面/piper_orbbec_calibration_tcp/eye_hand_data/data20260829_arm001
2026-08-29 14:47:09 - __main__ - INFO: poses.txt 每行对应同编号 JPG；tcp_poses.csv 额外保存编号和时间戳
2026-08-29 15:02:58 - __main__ - INFO: 机械臂 [arm0] 连接成功（固件 profile=default），当前 TCP 位姿 [x,y,z,roll,pitch,yaw] (m/rad): [0.021596999999999998, 0.636124, 0.11281, -1.6959015275778502, 0.5625196179177725, -0.09677850702308557]
2026-08-29 15:02:58 - __main__ - INFO: [arm0] CAN channel=can0, TCP_OFFSET (flange -> TCP): [0.0, 0.0, 0.0, 0.0, 0.0, 0.0]
2026-08-29 15:02:58 - __main__ - INFO: 当前 TCP 反馈频率: 190.0 Hz
2026-08-29 15:02:59 - __main__ - INFO: [arm0] 棋盘格角点数: 9x6（实时检测叠加显示，每 3 帧检测一次）
2026-08-29 15:02:59 - __main__ - INFO: [arm0] 开始采集：机械臂停稳后按 s 保存（终端按 s 回车即可，无需点击视频窗口）；q 回车或 Esc 退出
2026-08-29 15:02:59 - __main__ - INFO: [arm0] 数据保存目录: /home/dyf/桌面/piper_orbbec_calibration_tcp/eye_hand_data/data20260829_arm0
2026-08-29 15:02:59 - __main__ - INFO: poses.txt 每行对应同编号 JPG；tcp_poses.csv 额外保存编号和时间戳
2026-08-29 15:03:08 - __main__ - WARNING: 第 1 组：当前画面未检测到棋盘格，保存的图片可能无法用于标定，请确认棋盘格完整清晰
2026-08-29 15:03:08 - __main__ - INFO: === 已保存第 1 组，TCP(m/rad): [0.021597000, 0.636124000, 0.112810000, -1.695901528, 0.562519618, -0.096778507]
2026-08-29 15:03:17 - __main__ - WARNING: 第 2 组：当前画面未检测到棋盘格，保存的图片可能无法用于标定，请确认棋盘格完整清晰
2026-08-29 15:03:17 - __main__ - INFO: === 已保存第 2 组，TCP(m/rad): [0.021597000, 0.636124000, 0.112810000, -1.695901528, 0.562519618, -0.096778507]
2026-08-29 15:03:21 - __main__ - WARNING: 第 3 组：当前画面未检测到棋盘格，保存的图片可能无法用于标定，请确认棋盘格完整清晰
2026-08-29 15:03:21 - __main__ - INFO: === 已保存第 3 组，TCP(m/rad): [0.021597000, 0.636124000, 0.112810000, -1.695901528, 0.562519618, -0.096778507]
2026-08-29 15:03:22 - __main__ - WARNING: 第 4 组：当前画面未检测到棋盘格，保存的图片可能无法用于标定，请确认棋盘格完整清晰
2026-08-29 15:03:22 - __main__ - INFO: === 已保存第 4 组，TCP(m/rad): [0.021597000, 0.636124000, 0.112810000, -1.695901528, 0.562519618, -0.096778507]
2026-08-29 15:03:23 - __main__ - WARNING: 第 5 组：当前画面未检测到棋盘格，保存的图片可能无法用于标定，请确认棋盘格完整清晰
2026-08-29 15:03:23 - __main__ - INFO: === 已保存第 5 组，TCP(m/rad): [0.021597000, 0.636124000, 0.112810000, -1.695901528, 0.562519618, -0.096778507]
2026-08-29 15:03:24 - __main__ - WARNING: 第 6 组：当前画面未检测到棋盘格，保存的图片可能无法用于标定，请确认棋盘格完整清晰
2026-08-29 15:03:24 - __main__ - INFO: === 已保存第 6 组，TCP(m/rad): [0.021597000, 0.636124000, 0.112810000, -1.695901528, 0.562519618, -0.096778507]
2026-08-29 15:03:25 - __main__ - WARNING: 第 7 组：当前画面未检测到棋盘格，保存的图片可能无法用于标定，请确认棋盘格完整清晰
2026-08-29 15:03:25 - __main__ - INFO: === 已保存第 7 组，TCP(m/rad): [0.021597000, 0.636124000, 0.112810000, -1.695901528, 0.562519618, -0.096778507]
2026-08-29 15:03:25 - __main__ - WARNING: 第 8 组：当前画面未检测到棋盘格，保存的图片可能无法用于标定，请确认棋盘格完整清晰
2026-08-29 15:03:25 - __main__ - INFO: === 已保存第 8 组，TCP(m/rad): [0.021597000, 0.636124000, 0.112810000, -1.695901528, 0.562519618, -0.096778507]
2026-08-29 15:03:26 - __main__ - WARNING: 第 9 组：当前画面未检测到棋盘格，保存的图片可能无法用于标定，请确认棋盘格完整清晰
2026-08-29 15:03:26 - __main__ - INFO: === 已保存第 9 组，TCP(m/rad): [0.021597000, 0.636124000, 0.112810000, -1.695901528, 0.562519618, -0.096778507]
2026-08-29 15:03:26 - __main__ - WARNING: 第 10 组：当前画面未检测到棋盘格，保存的图片可能无法用于标定，请确认棋盘格完整清晰
2026-08-29 15:03:26 - __main__ - INFO: === 已保存第 10 组，TCP(m/rad): [0.021597000, 0.636124000, 0.112810000, -1.695901528, 0.562519618, -0.096778507]
2026-08-29 15:09:47 - __main__ - INFO: 机械臂 [arm0] 连接成功（固件 profile=default），当前 TCP 位姿 [x,y,z,roll,pitch,yaw] (m/rad): [0.021596999999999998, 0.636124, 0.11281, -1.6959015275778502, 0.5625196179177725, -0.09677850702308557]
2026-08-29 15:09:47 - __main__ - INFO: [arm0] CAN channel=can0, TCP_OFFSET (flange -> TCP): [0.0, 0.0, 0.0, 0.0, 0.0, 0.0]
2026-08-29 15:09:47 - __main__ - INFO: 当前 TCP 反馈频率: 200.0 Hz
2026-08-29 15:09:49 - __main__ - INFO: [arm0] 棋盘格角点数: 9x6（实时检测叠加显示，每 3 帧检测一次）
2026-08-29 15:09:49 - __main__ - INFO: [arm0] 开始采集：机械臂停稳后按 s 保存（终端按 s 回车即可，无需点击视频窗口）；q 回车或 Esc 退出
2026-08-29 15:09:49 - __main__ - INFO: [arm0] 数据保存目录: /home/dyf/桌面/piper_orbbec_calibration_tcp/eye_hand_data/data20260829_arm0
2026-08-29 15:09:49 - __main__ - INFO: poses.txt 每行对应同编号 JPG；tcp_poses.csv 额外保存编号和时间戳
2026-08-29 15:42:50 - __main__ - INFO: 机械臂 [arm0] 连接成功（固件 profile=default），当前 TCP 位姿 [x,y,z,roll,pitch,yaw] (m/rad): [0.011925999999999999, 0.636452, 0.105667, -1.7004568369255553, -0.2662674306842549, -0.08681267699419795]
2026-08-29 15:42:50 - __main__ - INFO: [arm0] CAN channel=can0, TCP_OFFSET (flange -> TCP): [0.0, 0.0, 0.0, 0.0, 0.0, 0.0]
2026-08-29 15:42:50 - __main__ - INFO: 当前 TCP 反馈频率: 190.0 Hz
2026-08-29 15:42:51 - __main__ - INFO: [arm0] 棋盘格角点数: 9x6（实时检测叠加显示，每 3 帧检测一次）
2026-08-29 15:42:51 - __main__ - INFO: [arm0] 开始采集：机械臂停稳后按 s 保存（终端按 s 回车即可，无需点击视频窗口）；q 回车或 Esc 退出
2026-08-29 15:42:51 - __main__ - INFO: [arm0] 数据保存目录: /home/dyf/桌面/piper_orbbec_calibration_tcp/eye_hand_data/data20260829_arm001
2026-08-29 15:42:51 - __main__ - INFO: poses.txt 每行对应同编号 JPG；tcp_poses.csv 额外保存编号和时间戳
2026-08-29 15:43:20 - __main__ - INFO: 机械臂 [arm0] 连接成功（固件 profile=default），当前 TCP 位姿 [x,y,z,roll,pitch,yaw] (m/rad): [0.011925999999999999, 0.636452, 0.105667, -1.7004568369255553, -0.2662674306842549, -0.08681267699419795]
2026-08-29 15:43:20 - __main__ - INFO: [arm0] CAN channel=can0, TCP_OFFSET (flange -> TCP): [0.0, 0.0, 0.0, 0.0, 0.0, 0.0]
2026-08-29 15:43:20 - __main__ - INFO: 当前 TCP 反馈频率: 180.0 Hz
2026-08-29 15:43:21 - __main__ - INFO: [arm0] 棋盘格角点数: 9x6（实时检测叠加显示，每 3 帧检测一次）
2026-08-29 15:43:21 - __main__ - INFO: [arm0] 开始采集：机械臂停稳后按 s 保存（终端按 s 回车即可，无需点击视频窗口）；q 回车或 Esc 退出
2026-08-29 15:43:21 - __main__ - INFO: [arm0] 数据保存目录: /home/dyf/桌面/piper_orbbec_calibration_tcp/eye_hand_data/data20260829_arm002
2026-08-29 15:43:21 - __main__ - INFO: poses.txt 每行对应同编号 JPG；tcp_poses.csv 额外保存编号和时间戳
2026-08-29 15:45:39 - __main__ - WARNING: 第 1 组：当前画面未检测到棋盘格，保存的图片可能无法用于标定，请确认棋盘格完整清晰
2026-08-29 15:45:39 - __main__ - INFO: === 已保存第 1 组，TCP(m/rad): [0.011926000, 0.636452000, 0.105667000, -1.700456837, -0.266267431, -0.086812677]
2026-08-29 15:45:53 - __main__ - WARNING: 第 2 组：当前画面未检测到棋盘格，保存的图片可能无法用于标定，请确认棋盘格完整清晰
2026-08-29 15:45:53 - __main__ - INFO: === 已保存第 2 组，TCP(m/rad): [0.011926000, 0.636452000, 0.105667000, -1.700456837, -0.266267431, -0.086812677]
2026-08-29 15:45:55 - __main__ - WARNING: 第 3 组：当前画面未检测到棋盘格，保存的图片可能无法用于标定，请确认棋盘格完整清晰
2026-08-29 15:45:55 - __main__ - INFO: === 已保存第 3 组，TCP(m/rad): [0.011926000, 0.636452000, 0.105667000, -1.700456837, -0.266267431, -0.086812677]
2026-08-29 15:46:02 - __main__ - WARNING: 第 4 组：当前画面未检测到棋盘格，保存的图片可能无法用于标定，请确认棋盘格完整清晰
2026-08-29 15:46:02 - __main__ - INFO: === 已保存第 4 组，TCP(m/rad): [0.011926000, 0.636452000, 0.105667000, -1.700456837, -0.266267431, -0.086812677]
2026-08-29 15:46:03 - __main__ - WARNING: 第 5 组：当前画面未检测到棋盘格，保存的图片可能无法用于标定，请确认棋盘格完整清晰
2026-08-29 15:46:03 - __main__ - INFO: === 已保存第 5 组，TCP(m/rad): [0.011926000, 0.636452000, 0.105667000, -1.700456837, -0.266267431, -0.086812677]
2026-08-29 15:46:06 - __main__ - WARNING: 第 6 组：当前画面未检测到棋盘格，保存的图片可能无法用于标定，请确认棋盘格完整清晰
2026-08-29 15:46:06 - __main__ - INFO: === 已保存第 6 组，TCP(m/rad): [0.011926000, 0.636452000, 0.105667000, -1.700456837, -0.266267431, -0.086812677]
2026-08-29 15:46:10 - __main__ - WARNING: 第 7 组：当前画面未检测到棋盘格，保存的图片可能无法用于标定，请确认棋盘格完整清晰
2026-08-29 15:46:10 - __main__ - INFO: === 已保存第 7 组，TCP(m/rad): [0.011926000, 0.636452000, 0.105667000, -1.700456837, -0.266267431, -0.086812677]
2026-08-29 15:46:27 - __main__ - WARNING: 第 8 组：当前画面未检测到棋盘格，保存的图片可能无法用于标定，请确认棋盘格完整清晰
2026-08-29 15:46:27 - __main__ - INFO: === 已保存第 8 组，TCP(m/rad): [0.011926000, 0.636452000, 0.105667000, -1.700456837, -0.266267431, -0.086812677]
2026-08-29 15:46:32 - __main__ - WARNING: 第 9 组：当前画面未检测到棋盘格，保存的图片可能无法用于标定，请确认棋盘格完整清晰
2026-08-29 15:46:32 - __main__ - INFO: === 已保存第 9 组，TCP(m/rad): [0.011926000, 0.636452000, 0.105667000, -1.700456837, -0.266267431, -0.086812677]
2026-08-29 15:46:46 - __main__ - WARNING: 第 10 组：当前画面未检测到棋盘格，保存的图片可能无法用于标定，请确认棋盘格完整清晰
2026-08-29 15:46:46 - __main__ - INFO: === 已保存第 10 组，TCP(m/rad): [0.011926000, 0.636452000, 0.105667000, -1.700456837, -0.266267431, -0.086812677]
2026-08-29 15:46:50 - __main__ - WARNING: 第 11 组：当前画面未检测到棋盘格，保存的图片可能无法用于标定，请确认棋盘格完整清晰
2026-08-29 15:46:50 - __main__ - INFO: === 已保存第 11 组，TCP(m/rad): [0.011926000, 0.636452000, 0.105667000, -1.700456837, -0.266267431, -0.086812677]
2026-08-29 15:46:55 - __main__ - WARNING: 第 12 组：当前画面未检测到棋盘格，保存的图片可能无法用于标定，请确认棋盘格完整清晰
2026-08-29 15:46:55 - __main__ - INFO: === 已保存第 12 组，TCP(m/rad): [0.011926000, 0.636452000, 0.105667000, -1.700456837, -0.266267431, -0.086812677]
2026-08-29 15:47:05 - __main__ - WARNING: 第 13 组：当前画面未检测到棋盘格，保存的图片可能无法用于标定，请确认棋盘格完整清晰
2026-08-29 15:47:06 - __main__ - INFO: === 已保存第 13 组，TCP(m/rad): [0.011926000, 0.636452000, 0.105667000, -1.700456837, -0.266267431, -0.086812677]
2026-08-29 15:47:07 - __main__ - WARNING: 第 14 组：当前画面未检测到棋盘格，保存的图片可能无法用于标定，请确认棋盘格完整清晰
2026-08-29 15:47:07 - __main__ - INFO: === 已保存第 14 组，TCP(m/rad): [0.011926000, 0.636452000, 0.105667000, -1.700456837, -0.266267431, -0.086812677]
2026-08-29 15:47:11 - __main__ - WARNING: 第 15 组：当前画面未检测到棋盘格，保存的图片可能无法用于标定，请确认棋盘格完整清晰
2026-08-29 15:47:11 - __main__ - INFO: === 已保存第 15 组，TCP(m/rad): [0.011926000, 0.636452000, 0.105667000, -1.700456837, -0.266267431, -0.086812677]
2026-08-29 15:47:14 - __main__ - WARNING: 第 16 组：当前画面未检测到棋盘格，保存的图片可能无法用于标定，请确认棋盘格完整清晰
2026-08-29 15:47:14 - __main__ - INFO: === 已保存第 16 组，TCP(m/rad): [0.011926000, 0.636452000, 0.105667000, -1.700456837, -0.266267431, -0.086812677]
2026-08-29 15:47:28 - __main__ - WARNING: 第 17 组：当前画面未检测到棋盘格，保存的图片可能无法用于标定，请确认棋盘格完整清晰
2026-08-29 15:47:28 - __main__ - INFO: === 已保存第 17 组，TCP(m/rad): [0.011926000, 0.636452000, 0.105667000, -1.700456837, -0.266267431, -0.086812677]
2026-08-29 15:47:30 - __main__ - WARNING: 第 18 组：当前画面未检测到棋盘格，保存的图片可能无法用于标定，请确认棋盘格完整清晰
2026-08-29 15:47:30 - __main__ - INFO: === 已保存第 18 组，TCP(m/rad): [0.011926000, 0.636452000, 0.105667000, -1.700456837, -0.266267431, -0.086812677]
2026-08-29 15:47:36 - __main__ - WARNING: 第 19 组：当前画面未检测到棋盘格，保存的图片可能无法用于标定，请确认棋盘格完整清晰
2026-08-29 15:47:36 - __main__ - INFO: === 已保存第 19 组，TCP(m/rad): [0.011926000, 0.636452000, 0.105667000, -1.700456837, -0.266267431, -0.086812677]
2026-08-29 15:47:42 - __main__ - WARNING: 第 20 组：当前画面未检测到棋盘格，保存的图片可能无法用于标定，请确认棋盘格完整清晰
2026-08-29 15:47:42 - __main__ - INFO: === 已保存第 20 组，TCP(m/rad): [0.011926000, 0.636452000, 0.105667000, -1.700456837, -0.266267431, -0.086812677]
2026-08-29 15:48:01 - __main__ - WARNING: 第 21 组：当前画面未检测到棋盘格，保存的图片可能无法用于标定，请确认棋盘格完整清晰
2026-08-29 15:48:01 - __main__ - INFO: === 已保存第 21 组，TCP(m/rad): [0.011926000, 0.636452000, 0.105667000, -1.700456837, -0.266267431, -0.086812677]
2026-08-29 15:51:59 - __main__ - WARNING: 第 22 组：当前画面未检测到棋盘格，保存的图片可能无法用于标定，请确认棋盘格完整清晰
2026-08-29 15:51:59 - __main__ - INFO: === 已保存第 22 组，TCP(m/rad): [0.011926000, 0.636452000, 0.105667000, -1.700456837, -0.266267431, -0.086812677]
2026-08-29 19:22:50 - __main__ - ERROR: 机械臂连接/读取 TCP 失败: TCP 位姿反馈无效: None
